=== NPM INSTALL === 

added 3 packages, and audited 1335 packages in 51s

171 packages are looking for funding
  run `npm fund` for details

25 vulnerabilities (1 low, 9 moderate, 15 high)

To address issues that do not require attention, run:
  npm audit fix

To address all issues (including breaking changes), run:
  npm audit fix --force

Run `npm audit` for details.
=== EXPO INSTALL FIX === 
env: load .env
env: export EXPO_PUBLIC_FIREBASE_API_KEY EXPO_PUBLIC_FIREBASE_AUTH_DOMAIN EXPO_PUBLIC_FIREBASE_PROJECT_ID EXPO_PUBLIC_FIREBASE_STORAGE_BUCKET EXPO_PUBLIC_FIREBASE_MESSAGING_SENDER_ID EXPO_PUBLIC_FIREBASE_APP_ID EXPO_PUBLIC_FIREBASE_MEASUREMENT_ID EXPO_PUBLIC_OPENAI_API_KEY EXPO_PUBLIC_REVENUECAT_ANDROID_API_KEY EXPO_PUBLIC_BUNDLE_ID EXPO_PUBLIC_GOOGLE_WEB_CLIENT_ID
The following packages should be updated for best compatibility with the installed expo version:
  expo-apple-authentication@7.1.3 - expected version: ~6.4.2
  expo-image-picker@15.0.7 - expected version: ~15.1.0
  typescript@5.9.3 - expected version: ~5.3.3
Your project may not work correctly until you install the expected versions of the packages.
› Installing 3 SDK 51.0.0 compatible native modules using npm
> npm install

changed 2 packages, and audited 1335 packages in 3s

171 packages are looking for funding
  run `npm fund` for details

25 vulnerabilities (1 low, 9 moderate, 15 high)

To address issues that do not require attention, run:
  npm audit fix

To address all issues (including breaking changes), run:
  npm audit fix --force

Run `npm audit` for details.
> npm install

changed 1 package, and audited 1335 packages in 3s

171 packages are looking for funding
  run `npm fund` for details

25 vulnerabilities (1 low, 9 moderate, 15 high)

To address issues that do not require attention, run:
  npm audit fix

To address all issues (including breaking changes), run:
  npm audit fix --force

Run `npm audit` for details.
=== GIT ADD === 
